Label cache: training\data\wikidata_labels.sqlite (444,084 entries on open)
Preloaded 7,312 curated property labels.
=== Pass 1: scan labels from philippesaade/wikidata ===
  pass 1:      5,000 rows,      5,000 labels,      29 rows/s, elapsed   173 s
  pass 1:     10,000 rows,      9,983 labels,      32 rows/s, elapsed   308 s
  pass 1:     15,000 rows,     14,969 labels,      36 rows/s, elapsed   418 s
  pass 1:     20,000 rows,     19,923 labels,      38 rows/s, elapsed   520 s
  pass 1:     25,000 rows,     24,783 labels,      42 rows/s, elapsed   602 s
  pass 1:     30,000 rows,     29,690 labels,      44 rows/s, elapsed   682 s
  pass 1:     35,000 rows,     34,603 labels,      46 rows/s, elapsed   766 s
  pass 1:     40,000 rows,     39,472 labels,      47 rows/s, elapsed   856 s
  pass 1:     45,000 rows,     44,392 labels,      49 rows/s, elapsed   916 s
  pass 1:     50,000 rows,     49,274 labels,      51 rows/s, elapsed   980 s
  pass 1:     55,000 rows,     54,117 labels,      51 rows/s, elapsed 1,080 s
  pass 1:     60,000 rows,     59,012 labels,      51 rows/s, elapsed 1,180 s
  pass 1:     65,000 rows,     63,922 labels,      52 rows/s, elapsed 1,242 s
  pass 1:     70,000 rows,     68,835 labels,      53 rows/s, elapsed 1,326 s
  pass 1:     75,000 rows,     73,680 labels,      53 rows/s, elapsed 1,407 s
  pass 1:     80,000 rows,     78,606 labels,      53 rows/s, elapsed 1,509 s
  pass 1:     90,000 rows,     88,239 labels,      55 rows/s, elapsed 1,651 s
  pass 1:     95,000 rows,     92,778 labels,      56 rows/s, elapsed 1,710 s
  pass 1:    100,000 rows,     97,511 labels,      56 rows/s, elapsed 1,783 s
  pass 1:    105,000 rows,    102,153 labels,      58 rows/s, elapsed 1,826 s
  pass 1:    110,000 rows,    107,020 labels,      57 rows/s, elapsed 1,917 s
  pass 1:    115,000 rows,    111,743 labels,      58 rows/s, elapsed 1,994 s
  pass 1:    120,000 rows,    116,286 labels,      58 rows/s, elapsed 2,056 s
  pass 1:    130,000 rows,    125,715 labels,      60 rows/s, elapsed 2,179 s
  pass 1:    135,000 rows,    130,311 labels,      60 rows/s, elapsed 2,242 s
  pass 1:    140,000 rows,    134,737 labels,      61 rows/s, elapsed 2,296 s
  pass 1:    145,000 rows,    139,003 labels,      62 rows/s, elapsed 2,333 s
  pass 1:    155,000 rows,    147,661 labels,      63 rows/s, elapsed 2,451 s
  pass 1:    165,000 rows,    156,497 labels,      64 rows/s, elapsed 2,562 s
  pass 1:    170,000 rows,    160,924 labels,      64 rows/s, elapsed 2,647 s
  pass 1:    180,000 rows,    169,373 labels,      64 rows/s, elapsed 2,820 s
  pass 1:    185,000 rows,    173,762 labels,      64 rows/s, elapsed 2,877 s
  pass 1:    190,000 rows,    178,207 labels,      64 rows/s, elapsed 2,975 s
  pass 1:    195,000 rows,    182,579 labels,      64 rows/s, elapsed 3,070 s
  pass 1:    200,000 rows,    186,998 labels,      63 rows/s, elapsed 3,163 s
  pass 1:    205,000 rows,    191,383 labels,      64 rows/s, elapsed 3,221 s
  pass 1:    210,000 rows,    195,658 labels,      64 rows/s, elapsed 3,297 s
  pass 1:    215,000 rows,    199,494 labels,      64 rows/s, elapsed 3,345 s
  pass 1:    225,000 rows,    208,118 labels,      65 rows/s, elapsed 3,459 s
  pass 1:    235,000 rows,    217,241 labels,      65 rows/s, elapsed 3,602 s
  pass 1:    240,000 rows,    221,800 labels,      65 rows/s, elapsed 3,686 s
  pass 1:    245,000 rows,    226,339 labels,      66 rows/s, elapsed 3,728 s
  pass 1:    250,000 rows,    230,760 labels,      66 rows/s, elapsed 3,792 s
  pass 1:    255,000 rows,    235,278 labels,      66 rows/s, elapsed 3,851 s
  pass 1:    260,000 rows,    239,748 labels,      67 rows/s, elapsed 3,908 s
  pass 1:    265,000 rows,    244,168 labels,      67 rows/s, elapsed 3,949 s
  pass 1:    270,000 rows,    248,611 labels,      67 rows/s, elapsed 4,016 s
  pass 1:    275,000 rows,    253,090 labels,      67 rows/s, elapsed 4,082 s
  pass 1:    280,000 rows,    257,524 labels,      67 rows/s, elapsed 4,149 s
  pass 1:    285,000 rows,    262,067 labels,      68 rows/s, elapsed 4,194 s
  pass 1:    290,000 rows,    266,613 labels,      68 rows/s, elapsed 4,261 s
  pass 1:    295,000 rows,    271,090 labels,      68 rows/s, elapsed 4,322 s
  pass 1:    300,000 rows,    275,545 labels,      68 rows/s, elapsed 4,385 s
  pass 1:    305,000 rows,    280,163 labels,      69 rows/s, elapsed 4,432 s
  pass 1:    310,000 rows,    284,794 labels,      69 rows/s, elapsed 4,502 s
  pass 1:    315,000 rows,    289,221 labels,      69 rows/s, elapsed 4,571 s
  pass 1:    320,000 rows,    292,954 labels,      69 rows/s, elapsed 4,618 s
  pass 1:    325,000 rows,    296,931 labels,      70 rows/s, elapsed 4,653 s
  pass 1:    335,000 rows,    305,672 labels,      70 rows/s, elapsed 4,779 s
  pass 1:    340,000 rows,    309,877 labels,      70 rows/s, elapsed 4,838 s
  pass 1:    345,000 rows,    313,835 labels,      71 rows/s, elapsed 4,878 s
  pass 1:    355,000 rows,    322,504 labels,      71 rows/s, elapsed 5,020 s
  pass 1:    360,000 rows,    326,955 labels,      71 rows/s, elapsed 5,102 s
  pass 1:    365,000 rows,    331,531 labels,      71 rows/s, elapsed 5,162 s
  pass 1:    375,000 rows,    339,538 labels,      71 rows/s, elapsed 5,312 s
  pass 1:    380,000 rows,    344,037 labels,      71 rows/s, elapsed 5,386 s
  pass 1:    385,000 rows,    348,437 labels,      71 rows/s, elapsed 5,435 s
  pass 1:    390,000 rows,    352,759 labels,      71 rows/s, elapsed 5,505 s
  pass 1:    395,000 rows,    357,193 labels,      71 rows/s, elapsed 5,574 s
  pass 1:    405,000 rows,    365,846 labels,      71 rows/s, elapsed 5,691 s
  pass 1:    410,000 rows,    370,097 labels,      71 rows/s, elapsed 5,761 s
  pass 1:    415,000 rows,    374,222 labels,      71 rows/s, elapsed 5,825 s
  pass 1:    420,000 rows,    378,273 labels,      71 rows/s, elapsed 5,885 s
  pass 1:    425,000 rows,    382,520 labels,      72 rows/s, elapsed 5,930 s
  pass 1:    430,000 rows,    386,841 labels,      72 rows/s, elapsed 6,001 s
  pass 1:    435,000 rows,    391,050 labels,      72 rows/s, elapsed 6,070 s
  pass 1:    440,000 rows,    395,159 labels,      72 rows/s, elapsed 6,134 s
  pass 1:    445,000 rows,    399,129 labels,      72 rows/s, elapsed 6,175 s
  pass 1:    450,000 rows,    403,021 labels,      72 rows/s, elapsed 6,234 s
  pass 1:    455,000 rows,    406,969 labels,      72 rows/s, elapsed 6,287 s
  pass 1:    460,000 rows,    410,403 labels,      72 rows/s, elapsed 6,357 s
  pass 1:    470,000 rows,    417,152 labels,      73 rows/s, elapsed 6,463 s
  pass 1:    480,000 rows,    423,889 labels,      73 rows/s, elapsed 6,587 s
  pass 1:    485,000 rows,    427,275 labels,      73 rows/s, elapsed 6,629 s
  pass 1:    495,000 rows,    433,749 labels,      73 rows/s, elapsed 6,749 s
  pass 1:    505,000 rows,    440,021 labels,      74 rows/s, elapsed 6,846 s
  pass 1:    510,000 rows,    443,889 labels,      74 rows/s, elapsed 6,900 s
  pass 1:    515,000 rows,    448,591 labels,      74 rows/s, elapsed 6,937 s
  pass 1:    520,000 rows,    453,564 labels,      75 rows/s, elapsed 6,974 s
  pass 1:    525,000 rows,    458,541 labels,      75 rows/s, elapsed 7,010 s
  pass 1:    530,000 rows,    463,517 labels,      75 rows/s, elapsed 7,081 s
  pass 1:    535,000 rows,    468,495 labels,      75 rows/s, elapsed 7,145 s
  pass 1:    540,000 rows,    473,471 labels,      75 rows/s, elapsed 7,190 s
  pass 1:    545,000 rows,    478,451 labels,      76 rows/s, elapsed 7,213 s
  pass 1:    550,000 rows,    483,434 labels,      76 rows/s, elapsed 7,251 s
  pass 1:    555,000 rows,    488,413 labels,      76 rows/s, elapsed 7,291 s
  pass 1:    560,000 rows,    493,381 labels,      76 rows/s, elapsed 7,326 s
  pass 1:    565,000 rows,    498,360 labels,      77 rows/s, elapsed 7,351 s
  pass 1:    575,000 rows,    508,322 labels,      77 rows/s, elapsed 7,420 s
  pass 1:    580,000 rows,    513,304 labels,      78 rows/s, elapsed 7,454 s
  pass 1:    585,000 rows,    518,298 labels,      78 rows/s, elapsed 7,480 s
  pass 1:    590,000 rows,    523,288 labels,      78 rows/s, elapsed 7,517 s
  pass 1:    595,000 rows,    528,275 labels,      79 rows/s, elapsed 7,553 s
  pass 1:    600,000 rows,    533,153 labels,      79 rows/s, elapsed 7,589 s
  pass 1:    605,000 rows,    538,052 labels,      79 rows/s, elapsed 7,614 s
  pass 1:    610,000 rows,    542,883 labels,      80 rows/s, elapsed 7,655 s
  pass 1:    615,000 rows,    547,791 labels,      80 rows/s, elapsed 7,702 s
  pass 1:    620,000 rows,    552,601 labels,      80 rows/s, elapsed 7,747 s
  pass 1:    625,000 rows,    557,406 labels,      80 rows/s, elapsed 7,777 s
  pass 1:    630,000 rows,    561,788 labels,      81 rows/s, elapsed 7,815 s
  pass 1:    635,000 rows,    565,714 labels,      81 rows/s, elapsed 7,855 s
  pass 1:    640,000 rows,    569,165 labels,      81 rows/s, elapsed 7,889 s
  pass 1:    645,000 rows,    572,794 labels,      82 rows/s, elapsed 7,911 s
  pass 1:    650,000 rows,    576,268 labels,      82 rows/s, elapsed 7,947 s
  pass 1:    655,000 rows,    579,505 labels,      82 rows/s, elapsed 7,989 s
  pass 1:    660,000 rows,    583,197 labels,      82 rows/s, elapsed 8,033 s
  pass 1:    665,000 rows,    587,124 labels,      83 rows/s, elapsed 8,061 s
  pass 1:    670,000 rows,    591,185 labels,      83 rows/s, elapsed 8,103 s
  pass 1:    675,000 rows,    595,370 labels,      83 rows/s, elapsed 8,151 s
  pass 1:    680,000 rows,    599,533 labels,      83 rows/s, elapsed 8,198 s
  pass 1:    690,000 rows,    607,384 labels,      83 rows/s, elapsed 8,274 s
  pass 1:    695,000 rows,    611,150 labels,      84 rows/s, elapsed 8,314 s
  pass 1:    700,000 rows,    614,763 labels,      84 rows/s, elapsed 8,346 s
  pass 1:    710,000 rows,    623,562 labels,      84 rows/s, elapsed 8,415 s
  pass 1:    715,000 rows,    628,194 labels,      85 rows/s, elapsed 8,455 s
  pass 1:    725,000 rows,    637,428 labels,      85 rows/s, elapsed 8,514 s
  pass 1:    730,000 rows,    642,201 labels,      86 rows/s, elapsed 8,536 s
  pass 1:    735,000 rows,    647,037 labels,      86 rows/s, elapsed 8,564 s
  pass 1:    740,000 rows,    651,880 labels,      86 rows/s, elapsed 8,600 s
  pass 1:    745,000 rows,    656,663 labels,      86 rows/s, elapsed 8,633 s
  pass 1:    750,000 rows,    661,364 labels,      86 rows/s, elapsed 8,676 s
  pass 1:    755,000 rows,    666,025 labels,      87 rows/s, elapsed 8,715 s
  pass 1:    760,000 rows,    670,422 labels,      87 rows/s, elapsed 8,747 s
  pass 1:    765,000 rows,    674,892 labels,      87 rows/s, elapsed 8,768 s
  pass 1:    770,000 rows,    679,575 labels,      88 rows/s, elapsed 8,797 s
  pass 1:    775,000 rows,    684,341 labels,      88 rows/s, elapsed 8,830 s
  pass 1:    780,000 rows,    689,193 labels,      88 rows/s, elapsed 8,866 s
  pass 1:    785,000 rows,    694,063 labels,      88 rows/s, elapsed 8,892 s
  pass 1:    790,000 rows,    698,886 labels,      88 rows/s, elapsed 8,928 s
  pass 1:    795,000 rows,    703,768 labels,      89 rows/s, elapsed 8,962 s
  pass 1:    800,000 rows,    708,703 labels,      89 rows/s, elapsed 8,999 s
  pass 1:    805,000 rows,    713,622 labels,      89 rows/s, elapsed 9,026 s
  pass 1:    810,000 rows,    718,500 labels,      89 rows/s, elapsed 9,069 s
  pass 1:    815,000 rows,    723,324 labels,      89 rows/s, elapsed 9,106 s
  pass 1:    820,000 rows,    727,993 labels,      90 rows/s, elapsed 9,146 s
  pass 1:    825,000 rows,    732,803 labels,      90 rows/s, elapsed 9,171 s
  pass 1:    830,000 rows,    737,640 labels,      90 rows/s, elapsed 9,209 s
  pass 1:    835,000 rows,    742,399 labels,      90 rows/s, elapsed 9,243 s
  pass 1:    840,000 rows,    747,020 labels,      91 rows/s, elapsed 9,278 s
  pass 1:    845,000 rows,    751,596 labels,      91 rows/s, elapsed 9,303 s
  pass 1:    850,000 rows,    756,253 labels,      91 rows/s, elapsed 9,341 s
  pass 1:    855,000 rows,    760,982 labels,      91 rows/s, elapsed 9,381 s
  pass 1:    860,000 rows,    765,555 labels,      91 rows/s, elapsed 9,412 s
  pass 1:    865,000 rows,    770,173 labels,      92 rows/s, elapsed 9,434 s
  pass 1:    870,000 rows,    774,839 labels,      92 rows/s, elapsed 9,472 s
  pass 1:    875,000 rows,    779,540 labels,      92 rows/s, elapsed 9,515 s
  pass 1:    880,000 rows,    784,195 labels,      92 rows/s, elapsed 9,552 s
  pass 1:    885,000 rows,    788,911 labels,      92 rows/s, elapsed 9,574 s
  pass 1:    890,000 rows,    793,819 labels,      93 rows/s, elapsed 9,597 s
  pass 1:    895,000 rows,    798,764 labels,      93 rows/s, elapsed 9,615 s
  pass 1:    900,000 rows,    803,694 labels,      93 rows/s, elapsed 9,637 s
  pass 1:    905,000 rows,    808,560 labels,      94 rows/s, elapsed 9,650 s
  pass 1:    910,000 rows,    813,414 labels,      94 rows/s, elapsed 9,669 s
  pass 1:    915,000 rows,    818,239 labels,      94 rows/s, elapsed 9,689 s
  pass 1:    920,000 rows,    823,168 labels,      95 rows/s, elapsed 9,704 s
  pass 1:    925,000 rows,    828,118 labels,      95 rows/s, elapsed 9,714 s
  pass 1:    930,000 rows,    833,077 labels,      96 rows/s, elapsed 9,729 s
  pass 1:    935,000 rows,    838,004 labels,      96 rows/s, elapsed 9,745 s
  pass 1:    940,000 rows,    842,963 labels,      96 rows/s, elapsed 9,760 s
  pass 1:    945,000 rows,    847,952 labels,      97 rows/s, elapsed 9,769 s
  pass 1:    950,000 rows,    852,928 labels,      97 rows/s, elapsed 9,784 s
  pass 1:    955,000 rows,    857,883 labels,      97 rows/s, elapsed 9,797 s
  pass 1:    960,000 rows,    862,819 labels,      98 rows/s, elapsed 9,811 s
  pass 1:    965,000 rows,    867,763 labels,      98 rows/s, elapsed 9,821 s
  pass 1:    970,000 rows,    872,557 labels,      99 rows/s, elapsed 9,836 s
  pass 1:    975,000 rows,    876,872 labels,      99 rows/s, elapsed 9,849 s
  pass 1:    980,000 rows,    880,542 labels,      99 rows/s, elapsed 9,865 s
  pass 1:    990,000 rows,    887,174 labels,     100 rows/s, elapsed 9,902 s
  pass 1:    995,000 rows,    889,974 labels,     100 rows/s, elapsed 9,921 s
  pass 1:  1,000,000 rows,    892,753 labels,     101 rows/s, elapsed 9,943 s
[LIMIT] reached max_rows=1,000,000
Pass 1 done: 1,000,000 rows consumed, 892,753 labels written.
'[WinError 10038] An operation was attempted on something that is not a socket' thrown while requesting GET https://huggingface.co/datasets/philippesaade/wikidata/resolve/f515679220b381e7a00971fb3f077e8391355727/data/chunk_1-00002-of-00240.parquet
Retrying in 1s [Retry 1/5].
