Device: cuda
Vocabulary: 50,000 tokens
BPE tokenizer loaded: training/data/tokenizer_bpe.json
Loading dataset from training/data/triples_v14.txt...
  examples: 4,021,409
C:\Users\Immanuelle\Documents\Github\SutraDB\training\model.py:45: UserWarning: enable_nested_tensor is True, but self.use_nested_tensor is False because encoder_layer.norm_first was True
  self.encoder = nn.TransformerEncoder(layer, num_layers)
Model parameters: 44,531,712
Resumed model weights from training/checkpoints/wikidata_v14_epoch05.pt (was epoch 5); checkpoint has NO optimizer state — AdamW restarts fresh. Expect a small perplexity bump in epoch 6 before the curve resumes descending.
Traceback (most recent call last):
  File "C:\Users\Immanuelle\Documents\Github\SutraDB\training\train.py", line 292, in <module>
    main()
    ~~~~^^
  File "C:\Users\Immanuelle\Documents\Github\SutraDB\training\train.py", line 256, in main
    loss.backward()
    ~~~~~~~~~~~~~^^
  File "C:\Users\Immanuelle\AppData\Local\Programs\Python\Python313\Lib\site-packages\torch\_tensor.py", line 630, in backward
    torch.autograd.backward(
    ~~~~~~~~~~~~~~~~~~~~~~~^
        self, gradient, retain_graph, create_graph, inputs=inputs
        ^^^^^^^^^^^^^^^^^^^^^^^^^^^^^^^^^^^^^^^^^^^^^^^^^^^^^^^^^
    )
    ^
  File "C:\Users\Immanuelle\AppData\Local\Programs\Python\Python313\Lib\site-packages\torch\autograd\__init__.py", line 364, in backward
    _engine_run_backward(
    ~~~~~~~~~~~~~~~~~~~~^
        tensors,
        ^^^^^^^^
    ...<5 lines>...
        accumulate_grad=True,
        ^^^^^^^^^^^^^^^^^^^^^
    )
    ^
  File "C:\Users\Immanuelle\AppData\Local\Programs\Python\Python313\Lib\site-packages\torch\autograd\graph.py", line 865, in _engine_run_backward
    return Variable._execution_engine.run_backward(  # Calls into the C++ engine to run the backward pass
           ~~~~~~~~~~~~~~~~~~~~~~~~~~~~~~~~~~~~~~~^^^^^^^^^^^^^^^^^^^^^^^^^^^^^^^^^^^^^^^^^^^^^^^^^^^^^^^
        t_outputs, *args, **kwargs
        ^^^^^^^^^^^^^^^^^^^^^^^^^^
    )  # Calls into the C++ engine to run the backward pass
    ^
torch.AcceleratorError: CUDA error: out of memory
Search for `cudaErrorMemoryAllocation' in https://docs.nvidia.com/cuda/cuda-runtime-api/group__CUDART__TYPES.html for more information.
CUDA kernel errors might be asynchronously reported at some other API call, so the stacktrace below might be incorrect.
For debugging consider passing CUDA_LAUNCH_BLOCKING=1
Compile with `TORCH_USE_CUDA_DSA` to enable device-side assertions.

